// Jest Snapshot v1, https://goo.gl/fbAQLP

exports[`RecipesList renders 1`] = `
<DocumentFragment>
  <div
    class="list row"
  >
    <div
      class="col-md-8"
    >
      <div
        class="input-group mb-3"
      >
        <input
          class="form-control"
          data-testid="recipes-search-bar"
          placeholder="Search by name"
          type="text"
          value=""
        />
        <div
          class="input-group-append"
        >
          <button
            class="btn btn-outline-secondary"
            data-testid="recipes-search-btn"
            type="button"
          >
            Search
          </button>
        </div>
      </div>
    </div>
    <div
      class="col-md-6"
    >
      <h4
        data-testid="recipes-header"
      >
        Recipes List
      </h4>
      <ul
        class="list-group"
        data-testid="recipes-listgroup"
      />
    </div>
    <div
      class="col-md-6"
    >
      <div>
        <br />
        <p
          data-testid="empty-recipe-details"
        >
          Please click on a Recipe
        </p>
      </div>
    </div>
  </div>
</DocumentFragment>
`;
